Abriendo tests/ok/00-basicos/001-print.fd4...
X = 246
