Abriendo tests/ok/00-basicos/100-orden-print.fd4...
dos! 3
uno! 3
uno! 1
dos! 2
