Abriendo tests/ok/00-basicos/101-print.fd4...
res = 3996
