Abriendo tests/ok/00-basicos/200-seq.fd4...
hola1
hola1
hola1
hola1
hola1
hola1
hola1
res = 21
