Abriendo tests/ok/00-basicos/300-fun.fd4...
res = 101
